2026-02-20T17:38:51.457Z [DEBUG] Skipping tool browser_close for client playwright
2026-02-20T17:38:51.457Z [DEBUG] Skipping tool browser_resize for client playwright
2026-02-20T17:38:51.457Z [DEBUG] Skipping tool browser_console_messages for client playwright
2026-02-20T17:38:51.458Z [DEBUG] Skipping tool browser_handle_dialog for client playwright
2026-02-20T17:38:51.458Z [DEBUG] Skipping tool browser_evaluate for client playwright
2026-02-20T17:38:51.458Z [DEBUG] Skipping tool browser_file_upload for client playwright
2026-02-20T17:38:51.458Z [DEBUG] Skipping tool browser_fill_form for client playwright
2026-02-20T17:38:51.458Z [DEBUG] Skipping tool browser_install for client playwright
2026-02-20T17:38:51.458Z [DEBUG] Skipping tool browser_press_key for client playwright
2026-02-20T17:38:51.458Z [DEBUG] Skipping tool browser_type for client playwright
2026-02-20T17:38:51.458Z [DEBUG] Skipping tool browser_navigate for client playwright
2026-02-20T17:38:51.458Z [DEBUG] Skipping tool browser_navigate_back for client playwright
2026-02-20T17:38:51.458Z [DEBUG] Skipping tool browser_network_requests for client playwright
2026-02-20T17:38:51.458Z [DEBUG] Skipping tool browser_run_code for client playwright
2026-02-20T17:38:51.458Z [DEBUG] Skipping tool browser_take_screenshot for client playwright
2026-02-20T17:38:51.458Z [DEBUG] Skipping tool browser_snapshot for client playwright
2026-02-20T17:38:51.458Z [DEBUG] Skipping tool browser_click for client playwright
2026-02-20T17:38:51.458Z [DEBUG] Skipping tool browser_drag for client playwright
2026-02-20T17:38:51.458Z [DEBUG] Skipping tool browser_hover for client playwright
2026-02-20T17:38:51.458Z [DEBUG] Skipping tool browser_select_option for client playwright
2026-02-20T17:38:51.458Z [DEBUG] Skipping tool browser_tabs for client playwright
2026-02-20T17:38:51.458Z [DEBUG] Skipping tool browser_wait_for for client playwright